node.exe : [1m[33m[basel
ine-browser-mapping] The 
data in this module is 
over two months old.  To 
ensure accurate Baseline 
data, please update: `npm 
i baseline-browser-mapping
@latest -D`[39m[22m
At line:1 char:1
+ & "C:\Program 
Files\nodejs/node.exe" 
"C:\Program 
Files\nodejs/node_mo ...
+ ~~~~~~~~~~~~~~~~~~~~~~~~
~~~~~~~~~~~~~~~~~~~~~~~~~~
~~~~~~~~~~~~~~~~~~~
    + CategoryInfo        
      : NotSpecified: (  
  [1m[33m[basel...t -D   
 `[39m[22m:String) [    
], RemoteException
    + FullyQualifiedError 
   Id : NativeCommandErr  
  or
 
[33mΓ¥»[39m Building...
[32mΓ£ö[39m Building...
[1mInitial chunk files[22m  [2m | [22m[1mNames[22m        [2m | [22m [1mRaw size[22m[2m | [22m[1mEstimated transfer size[22m
[32mmain-QY5ETN2F.js[39m     [2m | [22m[2mmain[22m         [2m | [22m[36m739.31 kB[39m[2m | [22m              [36m138.98 kB[39m
[32mstyles-O2JSZ4VS.css[39m  [2m | [22m[2mstyles[22m       [2m | [22m [36m44.74 kB[39m[2m | [22m                [36m7.07 kB[39m
[32mpolyfills-5CFQRCPP.js[39m[2m | [22m[2mpolyfills[22m    [2m | [22m [36m34.59 kB[39m[2m | [22m               [36m11.33 kB[39m

[1m [22m                    [2m | [22m[1mInitial total[22m[2m | [22m[1m[93m818.63 kB[39m[22m[2m | [22m              [1m157.38 kB[22m

Application bundle generation failed. [4.447 seconds] - 2026-02-11T00:29:03.530Z

[1m[33m[33mΓû▓ [43;33m
[[43;30mWARNING[43;33m]
[0m [1mNG8107: The left 
side of this optional 
chain operation does not 
include 'null' or 
'undefined' in its type, 
therefore the '?.' 
operator can be replaced 
with the '.' 
operator.[0m 
[1m[35m[plugin 
angular-compiler][0m

    
src/app/header.ts:31:46:
[37m      31 Γöé ...derSt
ateService.userData()?.[3
2musername[37m?.trim() 
|| folderStateServ...
         Γò╡              
                  
[32m~~~~~~~~[0m


[33mΓû▓ [43;33m[[43;30m
WARNING[43;33m][0m 
[1mNG8107: The left side 
of this optional chain 
operation does not 
include 'null' or 
'undefined' in its type, 
therefore the '?.' 
operator can be replaced 
with the '.' 
operator.[0m 
[1m[35m[plugin 
angular-compiler][0m

    
src/app/header.ts:31:97:
[37m      31 Γöé ...ata()
?.username?.trim() || fold
erStateService.userData()?
.[32memail[37m }}
         Γò╡              
                          
                      
[32m~~~~~[0m


[33mΓû▓ [43;33m[[43;30m
WARNING[43;33m][0m 
[1mNG8107: The left side 
of this optional chain 
operation does not 
include 'null' or 
'undefined' in its type, 
therefore the '?.' 
operator can be replaced 
with the '.' 
operator.[0m 
[1m[35m[plugin 
angular-compiler][0m

    
src/app/header.ts:37:46:
[37m      37 Γöé         
    {{ folderStateService.
userData()?.[32memail[37
m }}
         Γò╡              
                          
       [32m~~~~~[0m


[33mΓû▓ [43;33m[[43;30m
WARNING[43;33m][0m 
[1mNG8113: RouterLink is 
not used within the 
template of Compose[0m 
[1m[35m[plugin 
angular-compiler][0m

    src/app/pages/compose/
compose.ts:28:39:
[37m      28 Γöé   
imports: [CommonModule, 
FormsModule, 
[32mRouterLink[37m, 
HttpClientModule],
         Γò╡              
                          
[32m~~~~~~~~~~[0m


[33mΓû▓ [43;33m[[43;30m
WARNING[43;33m][0m 
[1mNG8113: DatePipe is 
not used within the 
template of Contacts[0m 
[1m[35m[plugin 
angular-compiler][0m

    src/app/pages/contacts
/contacts.ts:19:51:
[37m      19 Γöé ...e, 
RouterLink, FormsModule, 
[32mDatePipe[37m, 
HeaderComponent, 
SearchBa...
         Γò╡              
                  
[32m~~~~~~~~[0m


[33mΓû▓ [43;33m[[43;30m
WARNING[43;33m][0m 
[1mNG8113: 
SearchBarComponent is not 
used within the template 
of Contacts[0m 
[1m[35m[plugin 
angular-compiler][0m

    src/app/pages/contacts
/contacts.ts:19:78:
[37m      19 Γöé 
...Pipe, HeaderComponent, 
[32mSearchBarComponent[3
7m, SidebarComponent, 
Ht...
         Γò╡              
             [32m~~~~~~~~
~~~~~~~~~~[0m


[33mΓû▓ [43;33m[[43;30m
WARNING[43;33m][0m 
[1mNG8107: The left side 
of this optional chain 
operation does not 
include 'null' or 
'undefined' in its type, 
therefore the '?.' 
operator can be replaced 
with the '.' 
operator.[0m 
[1m[35m[plugin 
angular-compiler][0m

    src/app/pages/contacts
/contacts.ts:189:41:
[37m      189 Γöé        
                 {{ contac
t.name?.[32mcharAt[37m(0
) | uppercase }}
          Γò╡             
                          
   [32m~~~~~~[0m


[33mΓû▓ [43;33m[[43;30m
WARNING[43;33m][0m 
[1mNG8113: RouterLink is 
not used within the 
template of 
CustomFolderPage[0m 
[1m[35m[plugin 
angular-compiler][0m

    src/app/pages/custom-f
older-page/custom-folder-p
age.ts:26:26:
[37m      26 Γöé   
imports: [CommonModule, 
[32mRouterLink[37m, 
HttpClientModule, 
ReactiveFo...
         Γò╡              
             
[32m~~~~~~~~~~[0m


[33mΓû▓ [43;33m[[43;30m
WARNING[43;33m][0m 
[1mNG8113: RouterLink is 
not used within the 
template of Drafts[0m 
[1m[35m[plugin 
angular-compiler][0m

    src/app/pages/drafts/d
rafts.ts:44:26:
[37m      44 Γöé   
imports: [CommonModule, 
[32mRouterLink[37m, 
RouterModule, 
HttpClientModu...
         Γò╡              
             
[32m~~~~~~~~~~[0m


[33mΓû▓ [43;33m[[43;30m
WARNING[43;33m][0m 
[1mNG8113: RouterLink is 
not used within the 
template of Filters[0m 
[1m[35m[plugin 
angular-compiler][0m

    src/app/pages/filters/
filters.ts:27:26:
[37m      27 Γöé   
imports: [CommonModule, 
[32mRouterLink[37m, 
HttpClientModule, 
FormsModul...
         Γò╡              
             
[32m~~~~~~~~~~[0m


[33mΓû▓ [43;33m[[43;30m
WARNING[43;33m][0m 
[1mNG8113: RouterLink is 
not used within the 
template of Inbox[0m 
[1m[35m[plugin 
angular-compiler][0m

    src/app/pages/inbox/in
box.ts:30:4:
[37m      30 Γöé     
[32mRouterLink[37m,
         Γò╡     
[32m~~~~~~~~~~[0m


[33mΓû▓ [43;33m[[43;30m
WARNING[43;33m][0m 
[1mNG8113: RouterLink is 
not used within the 
template of Login[0m 
[1m[35m[plugin 
angular-compiler][0m

    src/app/pages/login/lo
gin.ts:14:57:
[37m      14 Γöé   
imports: [CommonModule, 
FormsModule, 
HttpClientModule, 
[32mRouterLink[37m],
         Γò╡              
                          
                  
[32m~~~~~~~~~~[0m


[33mΓû▓ [43;33m[[43;30m
WARNING[43;33m][0m 
[1mNG8113: RouterLink is 
not used within the 
template of 
MailDetail[0m 
[1m[35m[plugin 
angular-compiler][0m

    src/app/pages/mail-det
ail/mail-detail.ts:32:4:
[37m      32 Γöé     
[32mRouterLink[37m,
         Γò╡     
[32m~~~~~~~~~~[0m


[33mΓû▓ [43;33m[[43;30m
WARNING[43;33m][0m 
[1mNG8113: RouterLink is 
not used within the 
template of Sent[0m 
[1m[35m[plugin 
angular-compiler][0m

    src/app/pages/sent/sen
t.ts:27:26:
[37m      27 Γöé   
imports: [CommonModule, 
[32mRouterLink[37m, 
HttpClientModule, 
ReactiveFo...
         Γò╡              
             
[32m~~~~~~~~~~[0m


[33mΓû▓ [43;33m[[43;30m
WARNING[43;33m][0m 
[1mNG8107: The left side 
of this optional chain 
operation does not 
include 'null' or 
'undefined' in its type, 
therefore the '?.' 
operator can be safely 
removed.[0m 
[1m[35m[plugin 
angular-compiler][0m

    src/app/pages/sent/sen
t.ts:189:28:
[37m      189 Γöé ...    
        {{ ([32mitem.rece
iverDisplayNames?.[0][37m
?.trim() || '') ...
          Γò╡             
       [32m~~~~~~~~~~~~~~
~~~~~~~~~~~~~~~~[0m


[33mΓû▓ [43;33m[[43;30m
WARNING[43;33m][0m 
[1mNG8113: RouterLink is 
not used within the 
template of Trash[0m 
[1m[35m[plugin 
angular-compiler][0m

    src/app/pages/trash/tr
ash.ts:29:4:
[37m      29 Γöé     
[32mRouterLink[37m,
         Γò╡     
[32m~~~~~~~~~~[0m


[33mΓû▓ [43;33m[[43;30m
WARNING[43;33m][0m 
[1mbundle initial 
exceeded maximum budget. 
Budget 500.00 kB was not 
met by 318.63 kB with a 
total of 818.63 kB.[0m


[33mΓû▓ [43;33m[[43;30m
WARNING[43;33m][0m [1mc
ss-inline-fonts:https://fo
nts.googleapis.com/css2?fa
mily=Inter:wght@400;500;70
0;900&display=swap 
exceeded maximum budget. 
Budget 4.00 kB was not 
met by 6.03 kB with a 
total of 10.03 kB.[0m


[33mΓû▓ [43;33m[[43;30m
WARNING[43;33m][0m [1mc
ss-inline-fonts:https://fo
nts.googleapis.com/css2?fa
mily=Inter:wght@400;500;70
0;900&display=swap](https:
//fonts.googleapis.com/css
2?family=Inter:wght@400;50
0;600;700;800;900&display=
swap exceeded maximum 
budget. Budget 4.00 kB 
was not met by 6.31 kB 
with a total of 10.31 
kB.[0m


[33mΓû▓ [43;33m[[43;30m
WARNING[43;33m][0m [1mc
ss-inline-fonts:https://fo
nts.googleapis.com/css2?fa
mily=Inter:wght@400;500;60
0;700&display=swap](https:
//fonts.googleapis.com/css
2?family=Inter:wght@400;50
0;600;700&display=swap 
exceeded maximum budget. 
Budget 4.00 kB was not 
met by 6.66 kB with a 
total of 10.66 kB.[0m


[33mΓû▓ [43;33m[[43;30m
WARNING[43;33m][0m [1mc
ss-inline-fonts:https://fo
nts.googleapis.com/css2?fa
mily=Inter:wght@400;500;70
0&display=swap exceeded 
maximum budget. Budget 
4.00 kB was not met by 
3.24 kB with a total of 
7.24 kB.[0m


[33mΓû▓ [43;33m[[43;30m
WARNING[43;33m][0m [1mc
ss-inline-fonts:https://fo
nts.googleapis.com/css2?fa
mily=Inter:wght@400;500;70
0;900&display=swap](https:
//fonts.googleapis.com/css
2?family=Inter:wght@400;50
0;600;700;800;900&display=
swap exceeded maximum 
budget. Budget 4.00 kB 
was not met by 6.34 kB 
with a total of 10.34 
kB.[0m


[33mΓû▓ [43;33m[[43;30m
WARNING[43;33m][0m [1mc
ss-inline-fonts:https://fo
nts.googleapis.com/css2?fa
mily=Inter:wght@400;500;70
0;900&display=swap 
exceeded maximum budget. 
Budget 4.00 kB was not 
met by 6.83 kB with a 
total of 10.83 kB.[0m


[33mΓû▓ [43;33m[[43;30m
WARNING[43;33m][0m [1mc
ss-inline-fonts:https://fo
nts.googleapis.com/css2?fa
mily=Inter:wght@400;500;70
0;900&display=swap 
exceeded maximum budget. 
Budget 4.00 kB was not 
met by 5.88 kB with a 
total of 9.88 kB.[0m


[33mΓû▓ [43;33m[[43;30m
WARNING[43;33m][0m [1mc
ss-inline-fonts:https://fo
nts.googleapis.com/css2?fa
mily=Inter:wght@400;500;60
0;700;800;900&display=swap
 exceeded maximum budget. 
Budget 4.00 kB was not 
met by 10.01 kB with a 
total of 14.01 kB.[0m

[39m[22m
[1m[31m[31mX [41;31m[
[41;97mERROR[41;31m][0m 
[1mcss-inline-fonts:https
://fonts.googleapis.com/cs
s2?family=Inter:wght@400;5
00;700;900&display=swap 
exceeded maximum budget. 
Budget 8.00 kB was not 
met by 2.03 kB with a 
total of 10.03 kB.[0m


[31mX [41;31m[[41;97mER
ROR[41;31m][0m [1mcss-i
nline-fonts:https://fonts.
googleapis.com/css2?family
=Inter:wght@400;500;700;90
0&display=swap](https://fo
nts.googleapis.com/css2?fa
mily=Inter:wght@400;500;60
0;700;800;900&display=swap
 exceeded maximum budget. 
Budget 8.00 kB was not 
met by 2.31 kB with a 
total of 10.31 kB.[0m


[31mX [41;31m[[41;97mER
ROR[41;31m][0m [1mcss-i
nline-fonts:https://fonts.
googleapis.com/css2?family
=Inter:wght@400;500;600;70
0&display=swap](https://fo
nts.googleapis.com/css2?fa
mily=Inter:wght@400;500;60
0;700&display=swap 
exceeded maximum budget. 
Budget 8.00 kB was not 
met by 2.66 kB with a 
total of 10.66 kB.[0m


[31mX [41;31m[[41;97mER
ROR[41;31m][0m [1mcss-i
nline-fonts:https://fonts.
googleapis.com/css2?family
=Inter:wght@400;500;700;90
0&display=swap](https://fo
nts.googleapis.com/css2?fa
mily=Inter:wght@400;500;60
0;700;800;900&display=swap
 exceeded maximum budget. 
Budget 8.00 kB was not 
met by 2.34 kB with a 
total of 10.34 kB.[0m


[31mX [41;31m[[41;97mER
ROR[41;31m][0m [1mcss-i
nline-fonts:https://fonts.
googleapis.com/css2?family
=Inter:wght@400;500;700;90
0&display=swap exceeded 
maximum budget. Budget 
8.00 kB was not met by 
2.83 kB with a total of 
10.83 kB.[0m


[31mX [41;31m[[41;97mER
ROR[41;31m][0m [1mcss-i
nline-fonts:https://fonts.
googleapis.com/css2?family
=Inter:wght@400;500;700;90
0&display=swap exceeded 
maximum budget. Budget 
8.00 kB was not met by 
1.88 kB with a total of 
9.88 kB.[0m


[31mX [41;31m[[41;97mER
ROR[41;31m][0m [1mcss-i
nline-fonts:https://fonts.
googleapis.com/css2?family
=Inter:wght@400;500;600;70
0;800;900&display=swap 
exceeded maximum budget. 
Budget 8.00 kB was not 
met by 6.01 kB with a 
total of 14.01 kB.[0m

[39m[22m
